// Jest Snapshot v1, https://goo.gl/fbAQLP

exports[`Homepage renders correctly 1`] = `
<div
  class="styled__StyledBox-sc-sj5f1m-0 dnUGcK styled__StyledPanel-sc-1h6ef3q-0 frQUTZ"
  id="home"
>
  <div
    class="styled__StyledBox-sc-sj5f1m-0 BRgwK styled__StyledFlex-sc-hcvk8l-0 dzErNZ"
  >
    <h2
      class="styled__StyledH2-sc-tqnj75-2 styled__StyledH2-sc-1h6ef3q-1 JBgla iAkOrm"
    >
      Homepage
    </h2>
  </div>
  <div
    class="styled__StyledBox-sc-sj5f1m-0 BRgwK styled__StyledFlex-sc-hcvk8l-0 bTLtWP"
  >
    <div
      class="styled__StyledBox-sc-sj5f1m-0 kHJOrv pages__StyledBox-sc-jwwna7-0 ictBqb"
    >
      <h4
        class="styled__StyledH4-sc-tqnj75-4 rUgdM"
      >
        Inventory count
      </h4>
      <h1
        class="styled__StyledH1-sc-tqnj75-1 ivAtVp"
      >
        3
      </h1>
    </div>
    <div
      class="styled__StyledBox-sc-sj5f1m-0 kHJOrv pages__StyledBox-sc-jwwna7-0 ictBqb"
    >
      <h4
        class="styled__StyledH4-sc-tqnj75-4 rUgdM"
      >
        Variant count
      </h4>
      <h1
        class="styled__StyledH1-sc-tqnj75-1 ivAtVp"
      >
        2
      </h1>
    </div>
    <div
      class="styled__StyledBox-sc-sj5f1m-0 fRnJpV pages__StyledBox-sc-jwwna7-0 ictBqb"
    >
      <h4
        class="styled__StyledH4-sc-tqnj75-4 rUgdM"
      >
        Primary category
      </h4>
      <h1
        class="styled__StyledH1-sc-tqnj75-1 ivAtVp"
      >
        widgets
      </h1>
    </div>
  </div>
</div>
`;
